country,year,tax_to_gdp
France,2020,21.8007
France,2021,21.8013
Germany,2020,20.4599
Germany,2021,21.537300000000002
Netherlands,2020,43.1618
Netherlands,2021,45.5723
